
> TaskTracker@0.0.0 build
> tsc && vite build

node_modules/@supabase/auth-ui-shared/dist/index.d.ts(279,1): error TS1046: Top-level declarations in .d.ts files must start with either a 'declare' or 'export' modifier.
node_modules/@supabase/auth-ui-shared/dist/index.d.ts(279,15): error TS1039: Initializers are not allowed in ambient contexts.
node_modules/@supabase/auth-ui-shared/dist/index.d.ts(290,15): error TS1039: Initializers are not allowed in ambient contexts.
node_modules/@supabase/auth-ui-shared/dist/index.d.ts(300,18): error TS1039: Initializers are not allowed in ambient contexts.
node_modules/@supabase/auth-ui-shared/dist/index.d.ts(308,26): error TS1039: Initializers are not allowed in ambient contexts.
node_modules/@supabase/auth-ui-shared/dist/index.d.ts(317,23): error TS1039: Initializers are not allowed in ambient contexts.
node_modules/@supabase/auth-ui-shared/dist/index.d.ts(324,18): error TS1039: Initializers are not allowed in ambient contexts.
node_modules/@supabase/auth-ui-shared/dist/index.d.ts(334,10): error TS1039: Initializers are not allowed in ambient contexts.
node_modules/@supabase/storage-js/dist/index.d.cts(710,56): error TS2591: Cannot find name 'Buffer'. Do you need to install type definitions for node? Try `npm i --save-dev @types/node` and then add 'node' to the types field in your tsconfig.
node_modules/@supabase/storage-js/dist/index.d.cts(710,90): error TS2694: Namespace 'NodeJS' has no exported member 'ReadableStream'.
node_modules/@supabase/storage-js/dist/index.d.cts(907,73): error TS2591: Cannot find name 'Buffer'. Do you need to install type definitions for node? Try `npm i --save-dev @types/node` and then add 'node' to the types field in your tsconfig.
node_modules/@supabase/storage-js/dist/index.d.cts(907,107): error TS2694: Namespace 'NodeJS' has no exported member 'ReadableStream'.
node_modules/react-router-dom/dist/index.d.ts(1,69): error TS2307: Cannot find module 'react-router/dom' or its corresponding type declarations.
  There are types at 'D:/Misc/TaskTracker/node_modules/react-router/dist/development/dom-export.d.mts', but this result could not be resolved under your current 'moduleResolution' setting. Consider updating to 'node16', 'nodenext', or 'bundler'.
src/lib/supabase.ts(4,33): error TS2339: Property 'env' does not exist on type 'ImportMeta'.
src/lib/supabase.ts(5,37): error TS2339: Property 'env' does not exist on type 'ImportMeta'.
